<html>
<body>
<pre>
<h1>µVision Build Log</h1>
<h2>Project:</h2>
C:\Keil\Labware\Servo Motor\LA_ENGLE_Lab8.uvproj
Project File Date:  03/16/2022

<h2>Output:</h2>
Rebuild target 'LA_ENGLE_Lab8'
compiling main.c...
assembling startup.s...
compiling SysTick.c...
linking...
Program Size: Code=2668 RO-data=2432 RW-data=44 ZI-data=1756  
".\Servo_Motor.axf" - 0 Error(s), 0 Warning(s).
</pre>
</body>
</html>
ta=2432 RW-data=44 ZI-data=1756  
".\Stepper_Motor.axf" - 0 Error(s), 1 Warning(s).
 list image symbols.
Finished: 1 information, 0 warning and 1 error messages.
".\Stepper_Motor.axf" - 1 Error(s), 1 Warning(s).
Target not created
ings, 0 errors
assembling startup.s...
compiling SysTick.c...
linking...
.\Stepper_Motor.axf: Error: L6218E: Undefined symbol PWM0MB_Init (referred from main.o).
Not enough information to list image symbols.
Finished: 1 information, 0 warning and 1 error messages.
".\Stepper_Motor.axf" - 1 Error(s), 4 Warning(s).
Target not created
